Chào bạn, rất vui được hỗ trợ bạn thông tin tuyển sinh tại Trường Đại học Nam Cần Thơ (DNC) năm 2025!

Dưới đây là danh sách 35 ngành đào tạo tại DNC để bạn tham khảo và lựa chọn:

1.  **Bất động sản** (Mã ngành: 7340116)
2.  **Công nghệ kỹ thuật hóa học** (Mã ngành: 7510401)
3.  **Công nghệ kỹ thuật ô tô** (Mã ngành: 7510205)
4.  **Công nghệ kỹ thuật ô tô (Chuyên ngành Ô tô điện)** (Mã ngành: 7510205-01)
5.  **Công nghệ kỹ thuật điện, điện tử** (Mã ngành: 7510301)
6.  **Công nghệ thông tin** (Mã ngành: 7480201)
7.  **Công nghệ thực phẩm** (Mã ngành: 7540101)
8.  **Dược học** (Mã ngành: 7720201)
9.  **Khoa học máy tính** (Mã ngành: 7480101)
10. **Khoa học máy tính (Chuyên ngành Thiết kế vi mạch bán dẫn)** (Mã ngành: 7480101-01)
11. **Kinh doanh quốc tế** (Mã ngành: 7340120)
12. **Kinh tế số** (Mã ngành: 7310109)
13. **Kế toán** (Mã ngành: 7340301)
14. **Kỹ thuật cơ khí động lực** (Mã ngành: 7520116)
15. **Kỹ thuật hình ảnh y học** (Mã ngành: 7720602)
16. **Kỹ thuật phần mềm** (Mã ngành: 7480103)
17. **Kỹ thuật xét nghiệm y học** (Mã ngành: 7720601)
18. **Kỹ thuật y sinh (Khoa học và công nghệ y khoa)** (Mã ngành: 7520212)
19. **Logistics và quản lý chuỗi cung ứng** (Mã ngành: 7510605)
20. **Luật** (Mã ngành: 7380101)
21. **Luật Kinh tế** (Mã ngành: 7380107)
22. **Marketing** (Mã ngành: 7340115)
23. **Mạng máy tính và truyền thông dữ liệu** (Mã ngành: 7480102)
24. **Quan hệ công chúng (PR)** (Mã ngành: 7320108)
25. **Quản lý bệnh viện** (Mã ngành: 7720802)
26. **Quản lý công nghiệp** (Mã ngành: 7510601)
27. **Quản trị kinh doanh** (Mã ngành: 7340101)
28. **Răng - Hàm - Mặt (Bác sĩ Nha khoa)** (Mã ngành: 7720501)
29. **Thương mại điện tử** (Mã ngành: 7340122)
30. **Truyền thông đa phương tiện** (Mã ngành: 7320104)
31. **Trí tuệ nhân tạo** (Mã ngành: 7480107)
32. **Tài chính - ngân hàng** (Mã ngành: 7340201)
33. **Y học dự phòng (Bác sĩ Y học dự phòng)** (Mã ngành: 7720110)
34. **Y khoa (Bác sĩ đa khoa)** (Mã ngành: 7720101)
35. **Điều dưỡng** (Mã ngành: 7720301)

Nếu bạn cần tìm hiểu chi tiết về điểm chuẩn, tổ hợp môn hoặc mô tả cụ thể của bất kỳ ngành nào trong danh sách trên, đừng ngần ngại đặt câu hỏi cho mình nhé. Chúc bạn có một mùa tuyển sinh thành công!